]0;~/Desktop/dieroller[?1034hJulies-MacBook-Air:dieroller msong16$ [KJulies-MacBook-Air:dieroller msong16$ cd ..
]0;~/DesktopJulies-MacBook-Air:Desktop msong16$ cd Des[K[K[Khw-stst 133[K[K[K[A[C[C[C[C[C[C[C[C[C[C[C[C[C[C[C[C[C[C[C[C[C[C[C[C[C[C[C[C[C[C[C[C[C[C[C[C[C[C[C[C[C[C[C[C[C[K
[K[A[C[C[C[C[C[C[C[C[C[C[C[C[C[C[C[C[C[C[C[C[C[C[C[C[C[C[C[C[C[C[C[C[C[C[C[C[C[C[C[C[C[C[C[C[C[Kat 133
]0;~/Desktop/hw-stat133Julies-MacBook-Air:hw-stat133 msong16$ ls
README.md	hw03
demo		hw04
hw01		warmup1
hw02
]0;~/Desktop/hw-stat133Julies-MacBook-Air:hw-stat133 msong16$ git sta tus
On branch master
Changes not staged for commit:
  (use "git add <file>..." to update what will be committed)
  (use "git checkout -- <file>..." to discard changes in working directory)

	[31mmodified:   hw02/.DS_Store[m
	[31mmodified:   hw02/report/.Rhistory[m
	[31mmodified:   hw04/.DS_Store[m
	[31mmodified:   hw04/.RData[m
	[31mmodified:   hw04/.Rhistory[m
	[31mmodified:   hw04/report/.DS_Store[m

Untracked files:
  (use "git add <file>..." to include in what will be committed)

	[31m.DS_Store[m
	[31m.gitignore[m
	[31mhw02/data/.DS_Store[m
	[31mhw02/data/data-dictionary.html[m
	[31mhw03/.DS_Store[m
	[31mhw04/data/.DS_Store[m

no changes added to commit (use "git add" and/or "git commit -a")
]0;~/Desktop/hw-stat133[?1034hJulies-MacBook-Air:hw-stat133 msong16$ [KJulies-MacBook-Air:hw-stat133 msong16$ cd dieroller
]0;~/Desktop/hw-stat133/dierollerJulies-MacBook-Air:dieroller msong16$ cd[K[Kmkdir vignettes
]0;~/Desktop/hw-stat133/dierollerJulies-MacBook-Air:dieroller msong16$ [KJulies-MacBook-Air:dieroller msong16$ cd ..
]0;~/Desktop/hw-stat133Julies-MacBook-Air:hw-stat133 msong16$ mkdir hw05
]0;~/Desktop/hw-stat133Julies-MacBook-Air:hw-stat133 msong16$ [KJulies-MacBook-Air:hw-stat133 msong16$ git status
On branch master
Changes not staged for commit:
  (use "git add <file>..." to update what will be committed)
  (use "git checkout -- <file>..." to discard changes in working directory)

	[31mmodified:   hw02/.DS_Store[m
	[31mmodified:   hw02/report/.Rhistory[m
	[31mmodified:   hw04/.DS_Store[m
	[31mmodified:   hw04/.RData[m
	[31mmodified:   hw04/.Rhistory[m
	[31mmodified:   hw04/report/.DS_Store[m

Untracked files:
  (use "git add <file>..." to include in what will be committed)

	[31m.DS_Store[m
	[31m.gitignore[m
	[31mdieroller/[m
	[31mdieroller_0.1.0.tar.gz[m
	[31mhw02/data/.DS_Store[m
	[31mhw02/data/data-dictionary.html[m
	[31mhw03/.DS_Store[m
	[31mhw04/data/.DS_Store[m
	[31mhw05/[m

no changes added to commit (use "git add" and/or "git commit -a")
]0;~/Desktop/hw-stat133Julies-MacBook-Air:hw-stat133 msong16$ git add hw05
]0;~/Desktop/hw-stat133Julies-MacBook-Air:hw-stat133 msong16$ git add dieroller/
]0;~/Desktop/hw-stat133Julies-MacBook-Air:hw-stat133 msong16$ git commi[K[K[K[K[Kstatus
On branch master
Changes to be committed:
  (use "git reset HEAD <file>..." to unstage)

	[32mnew file:   dieroller/.DS_Store[m
	[32mnew file:   dieroller/.Rbuildignore[m
	[32mnew file:   dieroller/DESCRIPTION[m
	[32mnew file:   dieroller/NAMESPACE[m
	[32mnew file:   dieroller/R/.DS_Store[m
	[32mnew file:   dieroller/R/die-functions.R[m
	[32mnew file:   dieroller/R/die.R[m
	[32mnew file:   dieroller/R/plot-roll.R[m
	[32mnew file:   dieroller/R/roll.R[m
	[32mnew file:   dieroller/README.md[m
	[32mnew file:   dieroller/devtools-dieroll.R[m
	[32mnew file:   dieroller/dieroller.Rproj[m
	[32mnew file:   dieroller/man/check_prob.Rd[m
	[32mnew file:   dieroller/man/check_times.Rd[m
	[32mnew file:   dieroller/man/die.Rd[m
	[32mnew file:   dieroller/man/hello.Rd[m
	[32mnew file:   dieroller/man/make_roll.Rd[m
	[32mnew file:   dieroller/man/plot.roll.Rd[m
	[32mnew file:   dieroller/man/roll.Rd[m
	[32mnew file:   dieroller/tests/.DS_Store[m
	[32mnew file:   dieroller/tests/testthat.R[m
	[32mnew file:   dieroller/tests/testthat/.DS_Store[m
	[32mnew file:   dieroller/tests/testthat/test-check-sides-prob.R[m
	[32mnew file:   dieroller/tests/testthat/test-check-times.R[m
	[32mnew file:   dieroller/tests/testthat/test-die-object.R[m
	[32mnew file:   dieroller/tests/testthat/test-roll-object.R[m
	[32mnew file:   dieroller/vignettes/introduction.Rmd[m
	[32mnew file:   hw05/hw05-julie-song.Rmd[m
	[32mnew file:   hw05/hw05-julie-song.md[m

Changes not staged for commit:
  (use "git add <file>..." to update what will be committed)
  (use "git checkout -- <file>..." to discard changes in working directory)

	[31mmodified:   hw02/.DS_Store[m
	[31mmodified:   hw02/report/.Rhistory[m
	[31mmodified:   hw04/.DS_Store[m
	[31mmodified:   hw04/.RData[m
	[31mmodified:   hw04/.Rhistory[m
	[31mmodified:   hw04/report/.DS_Store[m

Untracked files:
  (use "git add <file>..." to include in what will be committed)

	[31m.DS_Store[m
	[31m.gitignore[m
	[31mdieroller_0.1.0.tar.gz[m
	[31mhw02/data/.DS_Store[m
	[31mhw02/data/data-dictionary.html[m
	[31mhw03/.DS_Store[m
	[31mhw04/data/.DS_Store[m

]0;~/Desktop/hw-stat133Julies-MacBook-Air:hw-stat133 msong16$ git commit -m 'hw04 [K[K5 files'
[master 75bfc98] hw05 files
 Committer: Julie <msong16@Julies-MacBook-Air.local>
Your name and email address were configured automatically based
on your username and hostname. Please check that they are accurate.
You can suppress this message by setting them explicitly. Run the
following command and follow the instructions in your editor to edit
your configuration file:

    git config --global --edit

After doing this, you may fix the identity used for this commit with:

    git commit --amend --reset-author

 29 files changed, 1074 insertions(+)
 create mode 100644 dieroller/.DS_Store
 create mode 100644 dieroller/.Rbuildignore
 create mode 100644 dieroller/DESCRIPTION
 create mode 100644 dieroller/NAMESPACE
 create mode 100644 dieroller/R/.DS_Store
 create mode 100644 dieroller/R/die-functions.R
 create mode 100644 dieroller/R/die.R
 create mode 100644 dieroller/R/plot-roll.R
 create mode 100644 dieroller/R/roll.R
 create mode 100644 dieroller/README.md
 create mode 100644 dieroller/devtools-dieroll.R
 create mode 100644 dieroller/dieroller.Rproj
 create mode 100644 dieroller/man/check_prob.Rd
 create mode 100644 dieroller/man/check_times.Rd
 create mode 100644 dieroller/man/die.Rd
 create mode 100644 dieroller/man/hello.Rd
 create mode 100644 dieroller/man/make_roll.Rd
 create mode 100644 dieroller/man/plot.roll.Rd
 create mode 100644 dieroller/man/roll.Rd
 create mode 100644 dieroller/tests/.DS_Store
 create mode 100644 dieroller/tests/testthat.R
 create mode 100644 dieroller/tests/testthat/.DS_Store
 create mode 100644 dieroller/tests/testthat/test-check-sides-prob.R
 create mode 100644 dieroller/tests/testthat/test-check-times.R
 create mode 100644 dieroller/tests/testthat/test-die-object.R
 create mode 100644 dieroller/tests/testthat/test-roll-object.R
 create mode 100644 dieroller/vignettes/introduction.Rmd
 create mode 100644 hw05/hw05-julie-song.Rmd
 create mode 100644 hw05/hw05-julie-song.md
]0;~/Desktop/hw-stat133Julies-MacBook-Air:hw-stat133 msong16$ git push origin master
Counting objects: 36, done.
Delta compression using up to 4 threads.
Compressing objects:   2% (1/34)   Compressing objects:   5% (2/34)   Compressing objects:   8% (3/34)   Compressing objects:  11% (4/34)   Compressing objects:  14% (5/34)   Compressing objects:  17% (6/34)   Compressing objects:  20% (7/34)   Compressing objects:  23% (8/34)   Compressing objects:  26% (9/34)   Compressing objects:  29% (10/34)   Compressing objects:  32% (11/34)   Compressing objects:  35% (12/34)   Compressing objects:  38% (13/34)   Compressing objects:  41% (14/34)   Compressing objects:  44% (15/34)   Compressing objects:  47% (16/34)   Compressing objects:  50% (17/34)   Compressing objects:  52% (18/34)   Compressing objects:  55% (19/34)   Compressing objects:  58% (20/34)   Compressing objects:  61% (21/34)   Compressing objects:  64% (22/34)   Compressing objects:  67% (23/34)   Compressing objects:  70% (24/34)   Compressing objects:  73% (25/34)   Compressing objects:  76% (26/34)   Compressing objects:  79% (27/34)   Compressing objects:  82% (28/34)   Compressing objects:  85% (29/34)   Compressing objects:  88% (30/34)   Compressing objects:  91% (31/34)   Compressing objects:  94% (32/34)   Compressing objects:  97% (33/34)   Compressing objects: 100% (34/34)   Compressing objects: 100% (34/34), done.
Writing objects:   2% (1/36)   Writing objects:   5% (2/36)   Writing objects:   8% (3/36)   Writing objects:  13% (5/36)   Writing objects:  16% (6/36)   Writing objects:  19% (7/36)   Writing objects:  22% (8/36)   Writing objects:  25% (9/36)   Writing objects:  27% (10/36)   Writing objects:  30% (11/36)   Writing objects:  33% (12/36)   Writing objects:  36% (13/36)   Writing objects:  38% (14/36)   Writing objects:  41% (15/36)   Writing objects:  44% (16/36)   Writing objects:  47% (17/36)   Writing objects:  50% (18/36)   Writing objects:  52% (19/36)   Writing objects:  55% (20/36)   Writing objects:  58% (21/36)   Writing objects:  61% (22/36)   Writing objects:  63% (23/36)   Writing objects:  66% (24/36)   Writing objects:  69% (25/36)   Writing objects:  72% (26/36)   Writing objects:  75% (27/36)   Writing objects:  77% (28/36)   Writing objects:  80% (29/36)   Writing objects:  83% (30/36)   Writing objects:  86% (31/36)   Writing objects:  88% (32/36)   Writing objects:  91% (33/36)   Writing objects:  94% (34/36)   Writing objects:  97% (35/36)   Writing objects: 100% (36/36)   Writing objects: 100% (36/36), 13.02 KiB | 65.00 KiB/s, done.
Total 36 (delta 5), reused 0 (delta 0)
remote: Resolving deltas:   0% (0/5)   [Kremote: Resolving deltas:  20% (1/5)   [Kremote: Resolving deltas:  60% (3/5)   [Kremote: Resolving deltas:  80% (4/5)   [Kremote: Resolving deltas: 100% (5/5)   [Kremote: Resolving deltas: 100% (5/5), completed with 1 local object.[K
To https://github.com/stat133-sp18/hw-stat133-msong2016
   4be1f74..75bfc98  master -> master
]0;~/Desktop/hw-stat133Julies-MacBook-Air:hw-stat133 msong16$ [KJulies-MacBook-Air:hw-stat133 msong16$ git statu s
On branch master
Changes not staged for commit:
  (use "git add/rm <file>..." to update what will be committed)
  (use "git checkout -- <file>..." to discard changes in working directory)

	[31mmodified:   dieroller/.DS_Store[m
	[31mmodified:   dieroller/DESCRIPTION[m
	[31mdeleted:    dieroller/R/die-functions.R[m
	[31mmodified:   dieroller/README.md[m
	[31mdeleted:    dieroller/man/hello.Rd[m
	[31mmodified:   dieroller/tests/.DS_Store[m
	[31mmodified:   hw02/.DS_Store[m
	[31mmodified:   hw02/report/.Rhistory[m
	[31mmodified:   hw04/.DS_Store[m
	[31mmodified:   hw04/.RData[m
	[31mmodified:   hw04/.Rhistory[m
	[31mmodified:   hw04/report/.DS_Store[m

Untracked files:
  (use "git add <file>..." to include in what will be committed)

	[31m.DS_Store[m
	[31m.gitignore[m
	[31mdieroller/man/.DS_Store[m
	[31mdieroller_0.1.0.tar.gz[m
	[31mhw02/data/.DS_Store[m
	[31mhw02/data/data-dictionary.html[m
	[31mhw03/.DS_Store[m
	[31mhw04/data/.DS_Store[m

no changes added to commit (use "git add" and/or "git commit -a")
]0;~/Desktop/hw-stat133Julies-MacBook-Air:hw-stat133 msong16$ git add d ieroller/DESCRIPTION
]0;~/Desktop/hw-stat133Julies-MacBook-Air:hw-stat133 msong16$ git add d ieroller/R/die-functions.R
]0;~/Desktop/hw-stat133Julies-MacBook-Air:hw-stat133 msong16$ git add d ieroller/README.md
]0;~/Desktop/hw-stat133Julies-MacBook-Air:hw-stat133 msong16$ git add [K[K[K[Krm di eroller/man/hello.Rd
rm 'dieroller/man/hello.Rd'
]0;~/Desktop/hw-stat133Julies-MacBook-Air:hw-stat133 msong16$ git add d ieroller/tests/.DS_Store
]0;~/Desktop/hw-stat133Julies-MacBook-Air:hw-stat133 msong16$ git add d ieroller/.DS_Store
]0;~/Desktop/hw-stat133Julies-MacBook-Air:hw-stat133 msong16$ git statu s
On branch master
Changes to be committed:
  (use "git reset HEAD <file>..." to unstage)

	[32mmodified:   dieroller/.DS_Store[m
	[32mmodified:   dieroller/DESCRIPTION[m
	[32mdeleted:    dieroller/R/die-functions.R[m
	[32mmodified:   dieroller/README.md[m
	[32mdeleted:    dieroller/man/hello.Rd[m
	[32mmodified:   dieroller/tests/.DS_Store[m

Changes not staged for commit:
  (use "git add <file>..." to update what will be committed)
  (use "git checkout -- <file>..." to discard changes in working directory)

	[31mmodified:   hw02/.DS_Store[m
	[31mmodified:   hw02/report/.Rhistory[m
	[31mmodified:   hw04/.DS_Store[m
	[31mmodified:   hw04/.RData[m
	[31mmodified:   hw04/.Rhistory[m
	[31mmodified:   hw04/report/.DS_Store[m

Untracked files:
  (use "git add <file>..." to include in what will be committed)

	[31m.DS_Store[m
	[31m.gitignore[m
	[31mdieroller/man/.DS_Store[m
	[31mdieroller_0.1.0.tar.gz[m
	[31mhw02/data/.DS_Store[m
	[31mhw02/data/data-dictionary.html[m
	[31mhw03/.DS_Store[m
	[31mhw04/data/.DS_Store[m

]0;~/Desktop/hw-stat133Julies-MacBook-Air:hw-stat133 msong16$ git pu[K[Kcommi tt -[K[K[K -m 'hw05 files'
[master 11c66be] hw05 files
 Committer: Julie <msong16@Julies-MacBook-Air.local>
Your name and email address were configured automatically based
on your username and hostname. Please check that they are accurate.
You can suppress this message by setting them explicitly. Run the
following command and follow the instructions in your editor to edit
your configuration file:

    git config --global --edit

After doing this, you may fix the identity used for this commit with:

    git commit --amend --reset-author

 6 files changed, 78 insertions(+), 322 deletions(-)
 rewrite dieroller/DESCRIPTION (79%)
 delete mode 100644 dieroller/R/die-functions.R
 rewrite dieroller/README.md (91%)
 delete mode 100644 dieroller/man/hello.Rd
]0;~/Desktop/hw-stat133Julies-MacBook-Air:hw-stat133 msong16$ git push  origin master
Counting objects: 10, done.
Delta compression using up to 4 threads.
Compressing objects:  10% (1/10)   Compressing objects:  20% (2/10)   Compressing objects:  30% (3/10)   Compressing objects:  40% (4/10)   Compressing objects:  50% (5/10)   Compressing objects:  60% (6/10)   Compressing objects:  70% (7/10)   Compressing objects:  80% (8/10)   Compressing objects:  90% (9/10)   Compressing objects: 100% (10/10)   Compressing objects: 100% (10/10), done.
Writing objects:  10% (1/10)   Writing objects:  20% (2/10)   Writing objects:  30% (3/10)   Writing objects:  40% (4/10)   Writing objects:  50% (5/10)   Writing objects:  60% (6/10)   Writing objects:  70% (7/10)   Writing objects:  80% (8/10)   Writing objects:  90% (9/10)   Writing objects: 100% (10/10)   Writing objects: 100% (10/10), 3.11 KiB | 75.00 KiB/s, done.
Total 10 (delta 5), reused 0 (delta 0)
remote: Resolving deltas:   0% (0/5)   [Kremote: Resolving deltas:  20% (1/5)   [Kremote: Resolving deltas:  40% (2/5)   [Kremote: Resolving deltas:  60% (3/5)   [Kremote: Resolving deltas:  80% (4/5)   [Kremote: Resolving deltas: 100% (5/5)   [Kremote: Resolving deltas: 100% (5/5), completed with 5 local objects.[K
To https://github.com/stat133-sp18/hw-stat133-msong2016
   75bfc98..11c66be  master -> master
]0;~/Desktop/hw-stat133Julies-MacBook-Air:hw-stat133 msong16$ git cd[K[K[K[K[K[Kcd hw05
]0;~/Desktop/hw-stat133/hw05Julies-MacBook-Air:hw05 msong16$ mkdi[K[K[K[Ktouch README.md [A[C[C[C[C[C[C[C[C[C[C[C[C[C[C[C[C[C[C[C[C[C[C[C[C[C[C[C[C[C[C[C[C[C[C[C[C[C[C[C[C[C[C[C[C[C[C[C[Kd
]0;~/Desktop/hw-stat133/hw05Julies-MacBook-Air:hw05 msong16$ cd ..
]0;~/Desktop/hw-stat133Julies-MacBook-Air:hw-stat133 msong16$ git statu s
On branch master
Changes not staged for commit:
  (use "git add <file>..." to update what will be committed)
  (use "git checkout -- <file>..." to discard changes in working directory)

	[31mmodified:   dieroller/README.md[m
	[31mmodified:   hw02/.DS_Store[m
	[31mmodified:   hw02/report/.Rhistory[m
	[31mmodified:   hw04/.DS_Store[m
	[31mmodified:   hw04/.RData[m
	[31mmodified:   hw04/.Rhistory[m
	[31mmodified:   hw04/report/.DS_Store[m

Untracked files:
  (use "git add <file>..." to include in what will be committed)

	[31m.DS_Store[m
	[31m.gitignore[m
	[31mdieroller/man/.DS_Store[m
	[31mdieroller_0.1.0.tar.gz[m
	[31mhw02/data/.DS_Store[m
	[31mhw02/data/data-dictionary.html[m
	[31mhw03/.DS_Store[m
	[31mhw04/data/.DS_Store[m
	[31mhw05/README.md[m

no changes added to commit (use "git add" and/or "git commit -a")
]0;~/Desktop/hw-stat133Julies-MacBook-Air:hw-stat133 msong16$ git add h w05/README.md
]0;~/Desktop/hw-stat133Julies-MacBook-Air:hw-stat133 msong16$ git add d ieroller/README.md
]0;~/Desktop/hw-stat133Julies-MacBook-Air:hw-stat133 msong16$ git c[Ksa[Ktatu s
On branch master
Changes to be committed:
  (use "git reset HEAD <file>..." to unstage)

	[32mmodified:   dieroller/README.md[m
	[32mnew file:   hw05/README.md[m

Changes not staged for commit:
  (use "git add <file>..." to update what will be committed)
  (use "git checkout -- <file>..." to discard changes in working directory)

	[31mmodified:   hw02/.DS_Store[m
	[31mmodified:   hw02/report/.Rhistory[m
	[31mmodified:   hw04/.DS_Store[m
	[31mmodified:   hw04/.RData[m
	[31mmodified:   hw04/.Rhistory[m
	[31mmodified:   hw04/report/.DS_Store[m

Untracked files:
  (use "git add <file>..." to include in what will be committed)

	[31m.DS_Store[m
	[31m.gitignore[m
	[31mdieroller/man/.DS_Store[m
	[31mdieroller_0.1.0.tar.gz[m
	[31mhw02/data/.DS_Store[m
	[31mhw02/data/data-dictionary.html[m
	[31mhw03/.DS_Store[m
	[31mhw04/data/.DS_Store[m

]0;~/Desktop/hw-stat133Julies-MacBook-Air:hw-stat133 msong16$ git commi t -m 'hw-4[K[K-5 fi[K[K[K[K[K05 files'
[master 4877b74] hw05 files
 Committer: Julie <msong16@Julies-MacBook-Air.local>
Your name and email address were configured automatically based
on your username and hostname. Please check that they are accurate.
You can suppress this message by setting them explicitly. Run the
following command and follow the instructions in your editor to edit
your configuration file:

    git config --global --edit

After doing this, you may fix the identity used for this commit with:

    git commit --amend --reset-author

 2 files changed, 65 insertions(+), 56 deletions(-)
 rewrite dieroller/README.md (63%)
 create mode 100644 hw05/README.md
]0;~/Desktop/hw-stat133Julies-MacBook-Air:hw-stat133 msong16$ git push  ro[K[Korigin master
Counting objects: 6, done.
Delta compression using up to 4 threads.
Compressing objects:  16% (1/6)   Compressing objects:  33% (2/6)   Compressing objects:  50% (3/6)   Compressing objects:  66% (4/6)   Compressing objects:  83% (5/6)   Compressing objects: 100% (6/6)   Compressing objects: 100% (6/6), done.
Writing objects:  16% (1/6)   Writing objects:  33% (2/6)   Writing objects:  50% (3/6)   Writing objects:  66% (4/6)   Writing objects:  83% (5/6)   Writing objects: 100% (6/6)   Writing objects: 100% (6/6), 744 bytes | 57.00 KiB/s, done.
Total 6 (delta 4), reused 0 (delta 0)
remote: Resolving deltas:   0% (0/4)   [Kremote: Resolving deltas:  25% (1/4)   [Kremote: Resolving deltas:  50% (2/4)   [Kremote: Resolving deltas: 100% (4/4)   [Kremote: Resolving deltas: 100% (4/4), completed with 3 local objects.[K
To https://github.com/stat133-sp18/hw-stat133-msong2016
   11c66be..4877b74  master -> master
[KJulies-MacBook-Air:hw-stat133 msong16$ 